// Jest Snapshot v1, https://goo.gl/fbAQLP

exports[`Testing Modal Component Make snapshot 1`] = `
Object {
  "asFragment": [Function],
  "baseElement": <body>
    <div>
      <div
        class="modal-wrapper"
      >
        <div
          class="modal"
        >
          <div
            class="modal-box"
          >
            <button
              class="modal-close"
              type="button"
            >
              <svg
                height="16"
                viewBox="0 0 16 16"
                width="16"
              >
                <path
                  d="m9.3 8 6.1-6.1c.4-.4.4-.9 0-1.3s-.9-.4-1.3 0L8 6.7 1.9.6C1.6.3 1 .3.6.6c-.3.4-.3 1 0 1.3L6.7 8 .6 14.1c-.4.4-.3.9 0 1.3l.1.1c.4.3.9.2 1.2-.1L8 9.3l6.1 6.1c.4.4.9.4 1.3 0s.4-.9 0-1.3L9.3 8z"
                />
              </svg>
            </button>
            <div
              class="modal-content"
            >
              <div
                class="modal-text"
              >
                Test Modal
              </div>
            </div>
            <div
              class="modal-footer"
            >
              <div
                class="button-wrapper"
              >
                <button
                  class="btn"
                  type="button"
                >
                  ОК
                </button>
                <button
                  class="btn"
                  type="button"
                >
                  НІ
                </button>
              </div>
            </div>
          </div>
        </div>
      </div>
    </div>
  </body>,
  "container": <div>
    <div
      class="modal-wrapper"
    >
      <div
        class="modal"
      >
        <div
          class="modal-box"
        >
          <button
            class="modal-close"
            type="button"
          >
            <svg
              height="16"
              viewBox="0 0 16 16"
              width="16"
            >
              <path
                d="m9.3 8 6.1-6.1c.4-.4.4-.9 0-1.3s-.9-.4-1.3 0L8 6.7 1.9.6C1.6.3 1 .3.6.6c-.3.4-.3 1 0 1.3L6.7 8 .6 14.1c-.4.4-.3.9 0 1.3l.1.1c.4.3.9.2 1.2-.1L8 9.3l6.1 6.1c.4.4.9.4 1.3 0s.4-.9 0-1.3L9.3 8z"
              />
            </svg>
          </button>
          <div
            class="modal-content"
          >
            <div
              class="modal-text"
            >
              Test Modal
            </div>
          </div>
          <div
            class="modal-footer"
          >
            <div
              class="button-wrapper"
            >
              <button
                class="btn"
                type="button"
              >
                ОК
              </button>
              <button
                class="btn"
                type="button"
              >
                НІ
              </button>
            </div>
          </div>
        </div>
      </div>
    </div>
  </div>,
  "debug": [Function],
  "findAllByAltText": [Function],
  "findAllByDisplayValue": [Function],
  "findAllByLabelText": [Function],
  "findAllByPlaceholderText": [Function],
  "findAllByRole": [Function],
  "findAllByTestId": [Function],
  "findAllByText": [Function],
  "findAllByTitle": [Function],
  "findByAltText": [Function],
  "findByDisplayValue": [Function],
  "findByLabelText": [Function],
  "findByPlaceholderText": [Function],
  "findByRole": [Function],
  "findByTestId": [Function],
  "findByText": [Function],
  "findByTitle": [Function],
  "getAllByAltText": [Function],
  "getAllByDisplayValue": [Function],
  "getAllByLabelText": [Function],
  "getAllByPlaceholderText": [Function],
  "getAllByRole": [Function],
  "getAllByTestId": [Function],
  "getAllByText": [Function],
  "getAllByTitle": [Function],
  "getByAltText": [Function],
  "getByDisplayValue": [Function],
  "getByLabelText": [Function],
  "getByPlaceholderText": [Function],
  "getByRole": [Function],
  "getByTestId": [Function],
  "getByText": [Function],
  "getByTitle": [Function],
  "queryAllByAltText": [Function],
  "queryAllByDisplayValue": [Function],
  "queryAllByLabelText": [Function],
  "queryAllByPlaceholderText": [Function],
  "queryAllByRole": [Function],
  "queryAllByTestId": [Function],
  "queryAllByText": [Function],
  "queryAllByTitle": [Function],
  "queryByAltText": [Function],
  "queryByDisplayValue": [Function],
  "queryByLabelText": [Function],
  "queryByPlaceholderText": [Function],
  "queryByRole": [Function],
  "queryByTestId": [Function],
  "queryByText": [Function],
  "queryByTitle": [Function],
  "rerender": [Function],
  "unmount": [Function],
}
`;
